// Jest Snapshot v1, https://goo.gl/fbAQLP

exports[`Select (Web) matches snapshot 1`] = `
<div
  className="relative w-full"
>
  <select
    className="w-full appearance-none rounded-md bg-white py-2.5 pl-3 pr-8 text-base text-gray-900 outline outline-1 -outline-offset-1 outline-gray-300 focus:outline focus:outline-2 focus:-outline-offset-2 focus:outline-indigo-600 sm:text-sm/6"
    onChange={[Function]}
    role="combobox"
    value=""
  >
    <option
      disabled={true}
      value=""
    >
      Select...
    </option>
    <option
      value="1"
    >
      Option 1
    </option>
    <option
      value="2"
    >
      Option 2
    </option>
    <option
      value="3"
    >
      Option 3
    </option>
  </select>
  <
    className="pointer-events-none absolute right-2 top-1/2 -translate-y-1/2 transform text-gray-500 sm:size-4"
    name="chevron-thin-down"
  />
</div>
`;
